// Jest Snapshot v1, https://goo.gl/fbAQLP

exports[`mvi .getPropertyByAddress should get property by address lookup 1`] = `
Response {
  "data": Object {
    "FSID": 450350219571,
    "results": Array [
      Object {
        "data": Array [
          Object {
            "data": Array [
              Object {
                "type": "loss_total",
                "unit": "dollars",
                "value": 2008,
              ***REMOVED***,
            ],
            "year": 2018,
          ***REMOVED***,
          Object {
            "data": Array [
              Object {
                "type": "loss_total",
                "unit": "dollars",
                "value": 2033,
              ***REMOVED***,
            ],
            "year": 2033,
          ***REMOVED***,
        ],
        "floodID": "kt",
        "floodType": "tidal flooding",
      ***REMOVED***,
    ],
  ***REMOVED***,
***REMOVED***
`;

exports[`mvi .getPropertyByFSID should get property by ID 1`] = `
Response {
  "data": Object {
    "FSID": 450350219571,
    "results": Array [
      Object {
        "data": Array [
          Object {
            "data": Array [
              Object {
                "type": "loss_total",
                "unit": "dollars",
                "value": 2008,
              ***REMOVED***,
            ],
            "year": 2018,
          ***REMOVED***,
          Object {
            "data": Array [
              Object {
                "type": "loss_total",
                "unit": "dollars",
                "value": 2033,
              ***REMOVED***,
            ],
            "year": 2033,
          ***REMOVED***,
        ],
        "floodID": "kt",
        "floodType": "tidal flooding",
      ***REMOVED***,
    ],
  ***REMOVED***,
***REMOVED***
`;

exports[`mvi .getPropertyByLatLng should get property by lat, lng 1`] = `
Response {
  "data": Object {
    "FSID": 450350219571,
    "results": Array [
      Object {
        "data": Array [
          Object {
            "data": Array [
              Object {
                "type": "loss_total",
                "unit": "dollars",
                "value": 2008,
              ***REMOVED***,
            ],
            "year": 2018,
          ***REMOVED***,
          Object {
            "data": Array [
              Object {
                "type": "loss_total",
                "unit": "dollars",
                "value": 2033,
              ***REMOVED***,
            ],
            "year": 2033,
          ***REMOVED***,
        ],
        "floodID": "kt",
        "floodType": "tidal flooding",
      ***REMOVED***,
    ],
  ***REMOVED***,
***REMOVED***
`;
