// Jest Snapshot v1, https://goo.gl/fbAQLP

exports[`mock should initialize a base model 1`] = `
Response {
  "data": Object {
    "FSID": 100032470544,
    "results": Array [
      Object {
        "floodData": Array [
          Object {
            "data": Array [
              Object {
                "type": "maxdepth",
                "unit": "meters",
                "value": 0,
              ***REMOVED***,
              Object {
                "type": "lot",
                "unit": "percent",
                "value": 0,
              ***REMOVED***,
              Object {
                "type": "neighborhood",
                "unit": "percent",
                "value": 0,
              ***REMOVED***,
              Object {
                "type": "road",
                "unit": "percent",
                "value": 0,
              ***REMOVED***,
            ],
            "year": 2018,
          ***REMOVED***,
          Object {
            "data": Array [
              Object {
                "type": "maxdepth",
                "unit": "meters",
                "value": 0,
              ***REMOVED***,
              Object {
                "type": "lot",
                "unit": "percent",
                "value": 0,
              ***REMOVED***,
              Object {
                "type": "neighborhood",
                "unit": "percent",
                "value": 0,
              ***REMOVED***,
              Object {
                "type": "road",
                "unit": "percent",
                "value": 0,
              ***REMOVED***,
            ],
            "year": 2023,
          ***REMOVED***,
          Object {
            "data": Array [
              Object {
                "type": "maxdepth",
                "unit": "meters",
                "value": 0,
              ***REMOVED***,
              Object {
                "type": "lot",
                "unit": "percent",
                "value": 0,
              ***REMOVED***,
              Object {
                "type": "neighborhood",
                "unit": "percent",
                "value": 0,
              ***REMOVED***,
              Object {
                "type": "road",
                "unit": "percent",
                "value": 0,
              ***REMOVED***,
            ],
            "year": 2028,
          ***REMOVED***,
          Object {
            "data": Array [
              Object {
                "type": "maxdepth",
                "unit": "meters",
                "value": 0,
              ***REMOVED***,
              Object {
                "type": "lot",
                "unit": "percent",
                "value": 0,
              ***REMOVED***,
              Object {
                "type": "neighborhood",
                "unit": "percent",
                "value": 0,
              ***REMOVED***,
              Object {
                "type": "road",
                "unit": "percent",
                "value": 0,
              ***REMOVED***,
            ],
            "year": 2033,
          ***REMOVED***,
        ],
        "floodID": "c4",
      ***REMOVED***,
      Object {
        "floodData": Array [
          Object {
            "data": Array [
              Object {
                "type": "maxdepth",
                "unit": "meters",
                "value": 0,
              ***REMOVED***,
              Object {
                "type": "lot",
                "unit": "percent",
                "value": 0,
              ***REMOVED***,
              Object {
                "type": "neighborhood",
                "unit": "percent",
                "value": 0,
              ***REMOVED***,
              Object {
                "type": "road",
                "unit": "percent",
                "value": 0,
              ***REMOVED***,
            ],
            "year": 2018,
          ***REMOVED***,
          Object {
            "data": Array [
              Object {
                "type": "maxdepth",
                "unit": "meters",
                "value": 0,
              ***REMOVED***,
              Object {
                "type": "lot",
                "unit": "percent",
                "value": 0,
              ***REMOVED***,
              Object {
                "type": "neighborhood",
                "unit": "percent",
                "value": 0,
              ***REMOVED***,
              Object {
                "type": "road",
                "unit": "percent",
                "value": 0,
              ***REMOVED***,
            ],
            "year": 2023,
          ***REMOVED***,
          Object {
            "data": Array [
              Object {
                "type": "maxdepth",
                "unit": "meters",
                "value": 0,
              ***REMOVED***,
              Object {
                "type": "lot",
                "unit": "percent",
                "value": 0,
              ***REMOVED***,
              Object {
                "type": "neighborhood",
                "unit": "percent",
                "value": 0,
              ***REMOVED***,
              Object {
                "type": "road",
                "unit": "percent",
                "value": 0,
              ***REMOVED***,
            ],
            "year": 2028,
          ***REMOVED***,
          Object {
            "data": Array [
              Object {
                "type": "maxdepth",
                "unit": "meters",
                "value": 0,
              ***REMOVED***,
              Object {
                "type": "lot",
                "unit": "percent",
                "value": 0,
              ***REMOVED***,
              Object {
                "type": "neighborhood",
                "unit": "percent",
                "value": 0,
              ***REMOVED***,
              Object {
                "type": "road",
                "unit": "percent",
                "value": 0,
              ***REMOVED***,
            ],
            "year": 2033,
          ***REMOVED***,
        ],
        "floodID": "c3",
      ***REMOVED***,
      Object {
        "floodData": Array [
          Object {
            "data": Array [
              Object {
                "type": "maxdepth",
                "unit": "meters",
                "value": 0,
              ***REMOVED***,
              Object {
                "type": "lot",
                "unit": "percent",
                "value": 0,
              ***REMOVED***,
              Object {
                "type": "neighborhood",
                "unit": "percent",
                "value": 0,
              ***REMOVED***,
              Object {
                "type": "road",
                "unit": "percent",
                "value": 0,
              ***REMOVED***,
            ],
            "year": 2018,
          ***REMOVED***,
          Object {
            "data": Array [
              Object {
                "type": "maxdepth",
                "unit": "meters",
                "value": 0,
              ***REMOVED***,
              Object {
                "type": "lot",
                "unit": "percent",
                "value": 0,
              ***REMOVED***,
              Object {
                "type": "neighborhood",
                "unit": "percent",
                "value": 0,
              ***REMOVED***,
              Object {
                "type": "road",
                "unit": "percent",
                "value": 0,
              ***REMOVED***,
            ],
            "year": 2023,
          ***REMOVED***,
          Object {
            "data": Array [
              Object {
                "type": "maxdepth",
                "unit": "meters",
                "value": 0,
              ***REMOVED***,
              Object {
                "type": "lot",
                "unit": "percent",
                "value": 0,
              ***REMOVED***,
              Object {
                "type": "neighborhood",
                "unit": "percent",
                "value": 0,
              ***REMOVED***,
              Object {
                "type": "road",
                "unit": "percent",
                "value": 0,
              ***REMOVED***,
            ],
            "year": 2028,
          ***REMOVED***,
          Object {
            "data": Array [
              Object {
                "type": "maxdepth",
                "unit": "meters",
                "value": 0,
              ***REMOVED***,
              Object {
                "type": "lot",
                "unit": "percent",
                "value": 0,
              ***REMOVED***,
              Object {
                "type": "neighborhood",
                "unit": "percent",
                "value": 0,
              ***REMOVED***,
              Object {
                "type": "road",
                "unit": "percent",
                "value": 0,
              ***REMOVED***,
            ],
            "year": 2033,
          ***REMOVED***,
        ],
        "floodID": "c1",
      ***REMOVED***,
    ],
  ***REMOVED***,
***REMOVED***
`;
