// Jest Snapshot v1, https://goo.gl/fbAQLP

exports[`resolver should get probability cumulative by fsid 1`] = `
ProbabilityCumulative {
  "_cumulative": Array [
    ProbabilityData {
      "_data": Object {
        "data": Array [
          Object {
            "data": Object {
              "high": 0,
              "low": 0,
              "mid": 0,
            },
            "threshold": 0,
          },
          Object {
            "data": Object {
              "high": 0,
              "low": 0,
              "mid": 0,
            },
            "threshold": 15,
          },
          Object {
            "data": Object {
              "high": 0,
              "low": 0,
              "mid": 0,
            },
            "threshold": 30,
          },
        ],
        "year": 2020,
      },
    },
    ProbabilityData {
      "_data": Object {
        "data": Array [
          Object {
            "data": Object {
              "high": 0,
              "low": 0,
              "mid": 0,
            },
            "threshold": 0,
          },
          Object {
            "data": Object {
              "high": 0,
              "low": 0,
              "mid": 0,
            },
            "threshold": 15,
          },
          Object {
            "data": Object {
              "high": 0,
              "low": 0,
              "mid": 0,
            },
            "threshold": 30,
          },
        ],
        "year": 2025,
      },
    },
    ProbabilityData {
      "_data": Object {
        "data": Array [
          Object {
            "data": Object {
              "high": 0,
              "low": 0,
              "mid": 0,
            },
            "threshold": 0,
          },
          Object {
            "data": Object {
              "high": 0,
              "low": 0,
              "mid": 0,
            },
            "threshold": 15,
          },
          Object {
            "data": Object {
              "high": 0,
              "low": 0,
              "mid": 0,
            },
            "threshold": 30,
          },
        ],
        "year": 2030,
      },
    },
    ProbabilityData {
      "_data": Object {
        "data": Array [
          Object {
            "data": Object {
              "high": 0,
              "low": 0,
              "mid": 0,
            },
            "threshold": 0,
          },
          Object {
            "data": Object {
              "high": 0,
              "low": 0,
              "mid": 0,
            },
            "threshold": 15,
          },
          Object {
            "data": Object {
              "high": 0,
              "low": 0,
              "mid": 0,
            },
            "threshold": 30,
          },
        ],
        "year": 2035,
      },
    },
    ProbabilityData {
      "_data": Object {
        "data": Array [
          Object {
            "data": Object {
              "high": 0,
              "low": 0,
              "mid": 0,
            },
            "threshold": 0,
          },
          Object {
            "data": Object {
              "high": 0,
              "low": 0,
              "mid": 0,
            },
            "threshold": 15,
          },
          Object {
            "data": Object {
              "high": 0,
              "low": 0,
              "mid": 0,
            },
            "threshold": 30,
          },
        ],
        "year": 2040,
      },
    },
    ProbabilityData {
      "_data": Object {
        "data": Array [
          Object {
            "data": Object {
              "high": 0,
              "low": 0,
              "mid": 0,
            },
            "threshold": 0,
          },
          Object {
            "data": Object {
              "high": 0,
              "low": 0,
              "mid": 0,
            },
            "threshold": 15,
          },
          Object {
            "data": Object {
              "high": 0,
              "low": 0,
              "mid": 0,
            },
            "threshold": 30,
          },
        ],
        "year": 2045,
      },
    },
    ProbabilityData {
      "_data": Object {
        "data": Array [
          Object {
            "data": Object {
              "high": 0,
              "low": 0,
              "mid": 0,
            },
            "threshold": 0,
          },
          Object {
            "data": Object {
              "high": 0,
              "low": 0,
              "mid": 0,
            },
            "threshold": 15,
          },
          Object {
            "data": Object {
              "high": 0,
              "low": 0,
              "mid": 0,
            },
            "threshold": 30,
          },
        ],
        "year": 2050,
      },
    },
  ],
  "_data": Object {
    "cumulative": Array [
      Object {
        "data": Array [
          Object {
            "data": Object {
              "high": 0,
              "low": 0,
              "mid": 0,
            },
            "threshold": 0,
          },
          Object {
            "data": Object {
              "high": 0,
              "low": 0,
              "mid": 0,
            },
            "threshold": 15,
          },
          Object {
            "data": Object {
              "high": 0,
              "low": 0,
              "mid": 0,
            },
            "threshold": 30,
          },
        ],
        "year": 2020,
      },
      Object {
        "data": Array [
          Object {
            "data": Object {
              "high": 0,
              "low": 0,
              "mid": 0,
            },
            "threshold": 0,
          },
          Object {
            "data": Object {
              "high": 0,
              "low": 0,
              "mid": 0,
            },
            "threshold": 15,
          },
          Object {
            "data": Object {
              "high": 0,
              "low": 0,
              "mid": 0,
            },
            "threshold": 30,
          },
        ],
        "year": 2025,
      },
      Object {
        "data": Array [
          Object {
            "data": Object {
              "high": 0,
              "low": 0,
              "mid": 0,
            },
            "threshold": 0,
          },
          Object {
            "data": Object {
              "high": 0,
              "low": 0,
              "mid": 0,
            },
            "threshold": 15,
          },
          Object {
            "data": Object {
              "high": 0,
              "low": 0,
              "mid": 0,
            },
            "threshold": 30,
          },
        ],
        "year": 2030,
      },
      Object {
        "data": Array [
          Object {
            "data": Object {
              "high": 0,
              "low": 0,
              "mid": 0,
            },
            "threshold": 0,
          },
          Object {
            "data": Object {
              "high": 0,
              "low": 0,
              "mid": 0,
            },
            "threshold": 15,
          },
          Object {
            "data": Object {
              "high": 0,
              "low": 0,
              "mid": 0,
            },
            "threshold": 30,
          },
        ],
        "year": 2035,
      },
      Object {
        "data": Array [
          Object {
            "data": Object {
              "high": 0,
              "low": 0,
              "mid": 0,
            },
            "threshold": 0,
          },
          Object {
            "data": Object {
              "high": 0,
              "low": 0,
              "mid": 0,
            },
            "threshold": 15,
          },
          Object {
            "data": Object {
              "high": 0,
              "low": 0,
              "mid": 0,
            },
            "threshold": 30,
          },
        ],
        "year": 2040,
      },
      Object {
        "data": Array [
          Object {
            "data": Object {
              "high": 0,
              "low": 0,
              "mid": 0,
            },
            "threshold": 0,
          },
          Object {
            "data": Object {
              "high": 0,
              "low": 0,
              "mid": 0,
            },
            "threshold": 15,
          },
          Object {
            "data": Object {
              "high": 0,
              "low": 0,
              "mid": 0,
            },
            "threshold": 30,
          },
        ],
        "year": 2045,
      },
      Object {
        "data": Array [
          Object {
            "data": Object {
              "high": 0,
              "low": 0,
              "mid": 0,
            },
            "threshold": 0,
          },
          Object {
            "data": Object {
              "high": 0,
              "low": 0,
              "mid": 0,
            },
            "threshold": 15,
          },
          Object {
            "data": Object {
              "high": 0,
              "low": 0,
              "mid": 0,
            },
            "threshold": 30,
          },
        ],
        "year": 2050,
      },
    ],
    "fsid": 362788780,
  },
}
`;
