// Jest Snapshot v1, https://goo.gl/fbAQLP

exports[`Tidal should initialize 1`] = `
Tidal {
  "data": Object {
    "FSID": 100032470544,
    "results": Array [
      Object {
        "floodData": Array [
          Object {
            "data": Array [
              Object {
                "type": "maxdepth",
                "unit": "meters",
                "value": 0,
              },
              Object {
                "type": "lot",
                "unit": "percent",
                "value": 0,
              },
              Object {
                "type": "neighborhood",
                "unit": "percent",
                "value": 0,
              },
              Object {
                "type": "road",
                "unit": "percent",
                "value": 0,
              },
            ],
            "year": 2018,
          },
          Object {
            "data": Array [
              Object {
                "type": "maxdepth",
                "unit": "meters",
                "value": 0,
              },
              Object {
                "type": "lot",
                "unit": "percent",
                "value": 0,
              },
              Object {
                "type": "neighborhood",
                "unit": "percent",
                "value": 0,
              },
              Object {
                "type": "road",
                "unit": "percent",
                "value": 0,
              },
            ],
            "year": 2023,
          },
          Object {
            "data": Array [
              Object {
                "type": "maxdepth",
                "unit": "meters",
                "value": 0,
              },
              Object {
                "type": "lot",
                "unit": "percent",
                "value": 0,
              },
              Object {
                "type": "neighborhood",
                "unit": "percent",
                "value": 0,
              },
              Object {
                "type": "road",
                "unit": "percent",
                "value": 0,
              },
            ],
            "year": 2028,
          },
          Object {
            "data": Array [
              Object {
                "type": "maxdepth",
                "unit": "meters",
                "value": 0,
              },
              Object {
                "type": "lot",
                "unit": "percent",
                "value": 0,
              },
              Object {
                "type": "neighborhood",
                "unit": "percent",
                "value": 0,
              },
              Object {
                "type": "road",
                "unit": "percent",
                "value": 0,
              },
            ],
            "year": 2033,
          },
        ],
        "floodID": "em",
      },
      Object {
        "floodData": Array [
          Object {
            "data": Array [
              Object {
                "type": "maxdepth",
                "unit": "meters",
                "value": 0,
              },
              Object {
                "type": "lot",
                "unit": "percent",
                "value": 0,
              },
              Object {
                "type": "neighborhood",
                "unit": "percent",
                "value": 0,
              },
              Object {
                "type": "road",
                "unit": "percent",
                "value": 0,
              },
            ],
            "year": 2018,
          },
          Object {
            "data": Array [
              Object {
                "type": "maxdepth",
                "unit": "meters",
                "value": 0,
              },
              Object {
                "type": "lot",
                "unit": "percent",
                "value": 0,
              },
              Object {
                "type": "neighborhood",
                "unit": "percent",
                "value": 0,
              },
              Object {
                "type": "road",
                "unit": "percent",
                "value": 0,
              },
            ],
            "year": 2023,
          },
          Object {
            "data": Array [
              Object {
                "type": "maxdepth",
                "unit": "meters",
                "value": 0,
              },
              Object {
                "type": "lot",
                "unit": "percent",
                "value": 0,
              },
              Object {
                "type": "neighborhood",
                "unit": "percent",
                "value": 0,
              },
              Object {
                "type": "road",
                "unit": "percent",
                "value": 0,
              },
            ],
            "year": 2028,
          },
          Object {
            "data": Array [
              Object {
                "type": "maxdepth",
                "unit": "meters",
                "value": 0,
              },
              Object {
                "type": "lot",
                "unit": "percent",
                "value": 0,
              },
              Object {
                "type": "neighborhood",
                "unit": "percent",
                "value": 0,
              },
              Object {
                "type": "road",
                "unit": "percent",
                "value": 0,
              },
            ],
            "year": 2033,
          },
        ],
        "floodID": "kt",
      },
    ],
  },
}
`;
